[minetest.gitlab.io/minetest/img/favicon.ico]
[backblue.gif]
[fade.gif]
[index.html]
[external.html]
[minetest.gitlab.io/minetest/js/jquery-2.1.1.min.js]
[minetest.gitlab.io/minetest/js/modernizr-2.8.3.min.js]
[minetest.gitlab.io/minetest/js/theme.js]
[minetest.gitlab.io/minetest/search/main.js]
[minetest.gitlab.io/minetest/index.html]
[minetest.gitlab.io/minetest/fonts/fontawesome-webfont.e3e6e.delayed]
[minetest.gitlab.io/minetest/fonts/fontawesome-webfontd41d.eot]
[minetest.gitlab.io/minetest/fonts/fontawesome-webfont3e6e.woff2]
[minetest.gitlab.io/minetest/fonts/fontawesome-webfont.113e6e.delayed]
[minetest.gitlab.io/minetest/fonts/fontawesome-webfont3e6e.ttf]
[minetest.gitlab.io/minetest/fonts/Lato/lato-regular.eot]
[minetest.gitlab.io/minetest/fonts/Lato/lato-regulard41d.eot]
[minetest.gitlab.io/minetest/fonts/Lato/lato-regular.woff2]
[minetest.gitlab.io/minetest/fonts/Lato/lato-regular.woff]
[minetest.gitlab.io/minetest/fonts/Lato/lato-regular.ttf]
[minetest.gitlab.io/minetest/fonts/Lato/lato-bold.eot]
[minetest.gitlab.io/minetest/fonts/Lato/lato-boldd41d.eot]
[minetest.gitlab.io/minetest/fonts/Lato/lato-bold.woff2]
[minetest.gitlab.io/minetest/fonts/Lato/lato-bold.woff]
[minetest.gitlab.io/minetest/fonts/Lato/lato-bold.ttf]
[minetest.gitlab.io/minetest/fonts/Lato/lato-bolditalic.eot]
[minetest.gitlab.io/minetest/fonts/Lato/lato-bolditalicd41d.eot]
[minetest.gitlab.io/minetest/fonts/Lato/lato-bolditalic.woff2]
[minetest.gitlab.io/minetest/fonts/Lato/lato-bolditalic.woff]
[minetest.gitlab.io/minetest/fonts/Lato/lato-bolditalic.ttf]
[minetest.gitlab.io/minetest/fonts/Lato/lato-italic.eot]
[minetest.gitlab.io/minetest/fonts/Lato/lato-italicd41d.eot]
[minetest.gitlab.io/minetest/fonts/Lato/lato-italic.woff2]
[minetest.gitlab.io/minetest/fonts/Lato/lato-italic.woff]
[minetest.gitlab.io/minetest/fonts/Lato/lato-italic.ttf]
[minetest.gitlab.io/minetest/fonts/RobotoSlab/roboto-slab.eot]
[minetest.gitlab.io/minetest/fonts/RobotoSlab/roboto-slab-v7-regulard41d.eot]
[minetest.gitlab.io/minetest/fonts/RobotoSlab/roboto-slab-v7-regular.woff2]
[minetest.gitlab.io/minetest/fonts/RobotoSlab/roboto-slab-v7-regular.woff]
[minetest.gitlab.io/minetest/fonts/RobotoSlab/roboto-slab-v7-regular.ttf]
[minetest.gitlab.io/minetest/fonts/RobotoSlab/roboto-slab-v7-bold.eot]
[minetest.gitlab.io/minetest/fonts/RobotoSlab/roboto-slab-v7-boldd41d.eot]
[minetest.gitlab.io/minetest/fonts/RobotoSlab/roboto-slab-v7-bold.woff2]
[minetest.gitlab.io/minetest/fonts/RobotoSlab/roboto-slab-v7-bold.woff]
[minetest.gitlab.io/minetest/fonts/RobotoSlab/roboto-slab-v7-bold.ttf]
[minetest.gitlab.io/minetest/css/theme.css]
[minetest.gitlab.io/minetest/css/theme_extra.css]
[minetest.gitlab.io/minetest/css/code_styles.css]
[minetest.gitlab.io/minetest/css/extra.css]
[minetest.gitlab.io/minetest/games/index.html]
[minetest.gitlab.io/minetest/mods/index.html]
[minetest.gitlab.io/minetest/aliases/index.html]
[minetest.gitlab.io/minetest/textures/index.html]
[minetest.gitlab.io/minetest/sounds/index.html]
[minetest.gitlab.io/minetest/registered-definitions/index.html]
[minetest.gitlab.io/minetest/nodes/index.html]
[minetest.gitlab.io/minetest/map-terminology-and-coordinates/index.html]
[minetest.gitlab.io/minetest/hud/index.html]
[minetest.gitlab.io/minetest/representations-of-simple-things/index.html]
[minetest.gitlab.io/minetest/flag-specifier-format/index.html]
[minetest.gitlab.io/minetest/items/index.html]
[minetest.gitlab.io/minetest/groups/index.html]
[minetest.gitlab.io/minetest/tools/index.html]
[minetest.gitlab.io/minetest/entity-damage-mechanism/index.html]
[minetest.gitlab.io/minetest/metadata/index.html]
[minetest.gitlab.io/minetest/formspec/index.html]
[minetest.gitlab.io/minetest/inventory/index.html]
[minetest.gitlab.io/minetest/colors/index.html]
[minetest.gitlab.io/minetest/escape-sequences/index.html]
[minetest.gitlab.io/minetest/spatial-vectors/index.html]
[minetest.gitlab.io/minetest/helper-functions/index.html]
[minetest.gitlab.io/minetest/translations/index.html]
[minetest.gitlab.io/minetest/perlin-noise/index.html]
[minetest.gitlab.io/minetest/ores/index.html]
[minetest.gitlab.io/minetest/decoration-types/index.html]
[minetest.gitlab.io/minetest/schematics/index.html]
[minetest.gitlab.io/minetest/lua-voxel-manipulator/index.html]
[minetest.gitlab.io/minetest/mapgen-objects/index.html]
[minetest.gitlab.io/minetest/registered-entities/index.html]
[minetest.gitlab.io/minetest/l-system-trees/index.html]
[minetest.gitlab.io/minetest/minetest-namespace-reference/index.html]
[minetest.gitlab.io/minetest/class-reference/index.html]
[minetest.gitlab.io/minetest/definition-tables/index.html]
[minetest.gitlab.io/minetest/fonts/fontawesome-webfont3e6e.svg]
